base-tree-40-1280x800-light
base-agents-10-1280x800-light
base-first-run-1280x800-light
base-conflict-1280x800-light
base-tree-40-1280x800-dark-preference-BLOCKED-light-rendering
base-agents-10-1280x800-dark-preference-BLOCKED-light-rendering
base-first-run-1280x800-dark-preference-BLOCKED-light-rendering
base-conflict-1280x800-dark-preference-BLOCKED-light-rendering
base-tree-40-700x800-light
base-agents-10-700x800-light
base-first-run-700x800-light
base-conflict-700x800-light
base-tree-40-700x800-dark-preference-BLOCKED-light-rendering
base-agents-10-700x800-dark-preference-BLOCKED-light-rendering
base-first-run-700x800-dark-preference-BLOCKED-light-rendering
base-conflict-700x800-dark-preference-BLOCKED-light-rendering
head-tree-40-1280x800-light
head-agents-10-1280x800-light
head-first-run-1280x800-light
head-conflict-1280x800-light
head-tree-40-1280x800-dark-preference-BLOCKED-light-rendering
head-agents-10-1280x800-dark-preference-BLOCKED-light-rendering
head-first-run-1280x800-dark-preference-BLOCKED-light-rendering
head-conflict-1280x800-dark-preference-BLOCKED-light-rendering
head-tree-40-700x800-light
head-agents-10-700x800-light
head-first-run-700x800-light
head-conflict-700x800-light
head-tree-40-700x800-dark-preference-BLOCKED-light-rendering
head-agents-10-700x800-dark-preference-BLOCKED-light-rendering
head-first-run-700x800-dark-preference-BLOCKED-light-rendering
head-conflict-700x800-dark-preference-BLOCKED-light-rendering
